// Jest Snapshot v1, https://goo.gl/fbAQLP

exports[`plan should have an expected appearance when all changes need to be applied 1`] = `
"      * [1m[32m[APPLY][39m ./tables/data_source.sql [90m(change:table_20190626_1)[39m[22m
      * [1m[32m[APPLY][39m ./tables/notification.sql [90m(resource:table:notification)[39m[22m
      * [1m[32m[APPLY][39m ./tables/notification_version.sql [90m(resource:table:notification_version)[39m[22m
      * [1m[32m[APPLY][39m ./functions/find_message_hash_by_text.sql [90m(resource:function:find_message_hash_by_text)[39m[22m
      * [1m[32m[APPLY][39m ./procedures/upsert_message.sql [90m(resource:procedure:upsert_message)[39m[22m
      * [1m[32m[APPLY][39m ./init/service_user.sql [90m(change:init_20190619_1)[39m[22m
      * [1m[32m[APPLY][39m ./init/data_sources.sql [90m(change:data_20190619_1)[39m[22m

"
`;

exports[`plan should have an expected appearance when some resources need to be reapplied manually or automatically 1`] = `
"      * [1m[32m[APPLY][39m ./tables/data_source.sql [90m(change:table_20190626_1)[39m[22m
      * [1m[32m[APPLY][39m ./tables/notification.sql [90m(resource:table:notification)[39m[22m
      * [1m[31m[MANUAL_MIGRATION][39m ./tables/notification_version.sql [90m(resource:table:notification_version)[39m[22m
          [31mCREATE TABLE \`notification_version\` ([39m
          [31m\`notification_id\` bigint(20) NOT NULL,[39m
          [31m\`effective_at\` datetime(3) NOT NULL,[39m
          [31mPRIMARY KEY (\`notification_id\`,\`effective_at\`)[39m
          [31m) ENGINE=InnoDB DEFAULT CHARSET=utf8mb4 COLLATE=utf8mb4_unicode_ci[39m
          [31m[39m[32mCREATE TABLE notification_version ([39m
          [32m-- meta[39m
          [32m\`notification_id\` BIGINT NOT NULL, -- fk pointing to static entity[39m
          [32m\`effective_at\` DATETIME(6) NOT NULL, -- the user should define the effective_at timestamp[39m
          [32m[39m
          [32m-- mutatable data[39m
          [32m\`status\` ENUM('WAITING', 'QUEUED', 'SENT') NOT NULL,[39m
          [32m[39m
          [32m-- meta meta[39m
          [32mPRIMARY KEY (\`notification_id\`, \`effective_at\`),[39m
          [32mINDEX notification_version_ix1 (\`status\`),[39m
          [32mCONSTRAINT notification_version_fk1 FOREIGN KEY (\`notification_id\`) REFERENCES notification(id)[39m
          [32m) ENGINE = InnoDB;[39m
          [32m[39m
      * [1m[33m[REAPPLY][39m ./functions/find_message_hash_by_text.sql [90m(resource:function:find_message_hash_by_text)[39m[22m
          [31mCREATE DEFINER=\`root\`@\`%\` FUNCTION \`find_message_hash_by_text\`([39m
          [31m[39m[32mCREATE FUNCTION find_message_hash_by_text([39m
          [32m[39m[90min_message TEXT[39m
          [90m[39m[31m) RETURNS char(64) CHARSET utf8mb4 COLLATE utf8mb4_unicode_ci[39m
          [31m[39m[32m)[39m
          [32mRETURNS BINARY(32)[39m
          [32m[39m[90mBEGIN[39m
          [90m[39m[31mRETURN SHA2(in_message, 256);[39m
          [31mEND[39m
          [31m[39m[32mRETURN UNHEX(SHA(in_message));[39m
          [32mEND;[39m
          [32m[39m
      * [1m[32m[APPLY][39m ./procedures/upsert_message.sql [90m(resource:procedure:upsert_message)[39m[22m
      * [1m[32m[APPLY][39m ./init/service_user.sql [90m(change:init_20190619_1)[39m[22m
      * [1m[32m[APPLY][39m ./init/data_sources.sql [90m(change:data_20190619_1)[39m[22m

"
`;
