// Jest Snapshot v1, https://goo.gl/fbAQLP

exports[`getDifferenceForResourceDefinition procedure should find that an out of date procedure resource has a colored diff of changed lines 1`] = `
"[32m- Expected[39m
[31m+ Received[39m

[32m- CREATE PROCEDURE [7m\`[27mupsert_user_description[7m\`[27m([39m
[31m+ CREATE PROCEDURE upsert_user_description([39m
[2m    IN in_from_user_id BIGINT[22m
[2m  )[22m
[2m  BEGIN[22m
[2m    -- just select something, and also include a comment[22m
[32m-   SELECT [7mfals[27me;[39m
[31m+   SELECT [7mtru[27me;[39m
[2m  END[22m"
`;

exports[`getDifferenceForResourceDefinition table should find that an out of date table resource has a colored diff of changed lines 1`] = `
"[32m- Expected[39m
[31m+ Received[39m

[2m  CREATE TABLE \`some_resource_table\` ([22m
[32m-   [7m\`id\` int(11) NOT NULL[27m AUTO_INCREMENT,[39m
[31m+   [7m          \`id\` BIGINT[27m AUTO_INCREMENT,[39m
[32m-   \`created_at\` datetime DEFAULT CURRENT_TIMESTAMP,[39m
[31m+ [7m          [27m  \`created_at\` datetime DEFAULT CURRENT_TIMESTAMP,[39m
[32m-   PRIMARY KEY (\`id\`)[39m
[31m+ [7m          [27m  PRIMARY KEY (\`id\`)[39m
[32m- ) ENGINE=InnoDB DEFAULT CHARSET=utf8mb4 COLLATE=utf8mb4_unicode_ci[39m
[31m+ [7m            [27m) ENGINE=InnoDB DEFAULT CHARSET=utf8mb4 COLLATE=utf8mb4_unicode_ci[39m"
`;
