// Jest Snapshot v1, https://goo.gl/fbAQLP

exports[`getSqlDifference should find that a colored diff of changes if sql is different 1`] = `
"[32m- Expected[39m
[31m+ Received[39m

[2m  CREATE TABLE IF NOT EXISTS some_table ([22m
[32m-   id              INT[7m(11)[27m PRIMARY KEY AUTO_INCREMENT,[39m
[31m+   id              [7mBIG[27mINT PRIMARY KEY AUTO_INCREMENT,[39m
[32m-   created_at      DATETIME DEFAULT CURRENT_TIMESTAMP[7m,[27m[39m
[31m+   created_at      DATETIME[7m(3)[27m DEFAULT CURRENT_TIMESTAMP[39m
[2m  ) ENGINE = InnoDB;[22m"
`;
